---
source: src/ui/panels.rs
expression: buffer_text(&term)
---
┌────────────────────────────────────────────────────────────────────────────────────────────────────────────────────────────────────────────────────────────────────────────────────────────────────────────────────────────┐
│NetPulse  ✖ PROBLEM  High latency/loss to your gateway — local network problem   targets: 3   wan 203.0.113.7                                                                                                               │
└────────────────────────────────────────────────────────────────────────────────────────────────────────────────────────────────────────────────────────────────────────────────────────────────────────────────────────────┘
┌ DIAGNOSIS ─────────────────────────────────────────────────────────────────────────────────────────────────────────────────────────────────────────────────────────────────────────────────────────────────────────────────┐
│✖ [GATEWAY] High latency/loss to your gateway — local network problem  (gateway ping degraded)                                                                                                                              │
│                                                                                                                                                                                                                            │
│                                                                                                                                                                                                                            │
└────────────────────────────────────────────────────────────────────────────────────────────────────────────────────────────────────────────────────────────────────────────────────────────────────────────────────────────┘
┌ AVAILABILITY  50.0%  ·  1m ok · 0m degraded · 1m down ─────────────────────────────────────────────────────────────────────────────────────────────────────────────────────────────────────────────────────────────────────┐
│                                                                                                                                                                                                                          ██│
└────────────────────────────────────────────────────────────────────────────────────────────────────────────────────────────────────────────────────────────────────────────────────────────────────────────────────────────┘
┌ LINK & REACHABILITY ────────────────────────────────────────────────────────────────────────────────────────┐┌ TRANSPORT ──────────────────────────────────────────────────────────────────────────────────────────────────┐
│WiFi  MyNet   -62 dBm   SNR 30 dB   866 Mbps                                                                 ││tcp  —                                                                                                       │
│http ✓                                                                                                       ││tls  —    cert —                                                                                             │
└─────────────────────────────────────────────────────────────────────────────────────────────────────────────┘└─────────────────────────────────────────────────────────────────────────────────────────────────────────────┘
┌ LATENCY & JITTER ──────────────────────────────────────────────────────┐┌ DNS HEALTH ────────────────────────────────────────────────────────────┐┌ PACKET LOSS ───────────────────────────────────────────────────────────┐
│1.1.1.1           27ms  avg   24  p95   31  max   31  jit   6ms         ││system           19ms                                                   ││1.1.1.1            0.0%                                                 │
│192.168.1.1        2ms  avg    2  p95    2  max    2  jit   0ms         ││50ms│                                                                   ││192.168.1.1       16.7%                                                 │
│8.8.8.8           38ms  avg   33  p95   43  max   43  jit   8ms         ││    │                                                                   ││8.8.8.8            0.0%                                                 │
│43ms│                                     ⢀⡠⠒⠉⠒⠤⣀⡀                      ││    │                                                                   ││25%│                                       ⢀⠎⠑⠒⠤⢄⣀                      │
│    │                                  ⢀⡠⠒⠁      ⠈⠑⠒⠤⣀             ⢀⣀⣀⡠⠤││    │                                                                   ││   │                                      ⢀⠎      ⠉⠑⠒⠤⢄⣀                │
│    │                               ⢀⡠⠒⠁              ⠉⠑⠢⢄⣀⡠⠤⠤⠔⠒⠒⠉⠉⠁    ││    │                                                                   ││   │                                     ⢠⠃             ⠉⠑⠒⠤⠤⣀⣀         │
│    │          ⢀⣀⡠⠤⠤⢄⣀⣀⡀         ⢀⡠⠒⠁     ⢀⡠⠔⠒⠤⢄⣀⡀                      ││    │                                                                   ││   │                                    ⡠⠃                     ⠉⠉⠒⠒⠤⠤⣀⣀ │
│    │ ⢀⣀⡠⠤⠤⠒⠒⠉⠉⠁       ⠈⠉⠉⠉⠒⠒⠒⠤⠤⠒⠁    ⢀⡠⠔⠊⠁      ⠈⠉⠒⠢⠤⣀⣀         ⣀⣀⣀⣀⡠⠤⠤││    │                                                                   ││   │                                   ⡰⠁                              ⠉│
│    │⠉⠁          ⢀⣀⣀⣀             ⢀⡠⠔⠊⠁                 ⠉⠑⠒⠒⠊⠉⠉⠉⠉       ││    │                                                                   ││   │                                  ⡔⠁                                │
│    │ ⢀⣀⣀⡠⠤⠤⠒⠒⠊⠉⠉⠁   ⠉⠉⠉⠉⠑⠒⠒⠒⠢⠤⠤⠔⠊⠁                                     ││    │                                               ⣀⣀⣀⣀⣀⣀⣀⣀⣀⣀⣀⣀⣀⠤⠤⠤⠤⠤⠤⠤││   │                                ⢀⠜                                  │
│    │⠉⠁                                                                 ││    │       ⣀⣀⣀⣀⣀⣀⣀⣀⣀⣀⠤⠤⠤⠤⠤⠤⠔⠒⠒⠒⠒⠒⠒⠒⠒⠒⠊⠉⠉⠉⠉⠉⠉⠉⠉⠉⠉⠉⠉⠉                    ││   │                               ⢀⠎                                   │
│    │                                                                   ││    │⠉⠉⠉⠉⠉⠉⠉                                                            ││   │                              ⢠⠊                                    │
│    │                                                                   ││    │                                                                   ││   │                             ⢠⠃                                     │
│    │                                                                   ││    │                                                                   ││   │                            ⡰⠁                                      │
│0   │⠒⠒⠒⠒⠒⠒⠒⠒⠒⠒⠒⠒⠒⠒⠒⠒⠒⠒⠒⠒⠒⠒⠒⠒⠒⠒⠒⠒⠒⠒⠒⠒⠒⠒⠒⠒⠒⠒⠒⠒⠒⠒⠒⠒⠒⠒⠒⠒⠒⠒⠒⠒⠒⠂             ││0   │                                                                   ││0  │⣀⣀⣀⣀⣀⣀⣀⣀⣀⣀⣀⣀⣀⣀⣀⣀⣀⣀⣀⣀⣀⣀⣀⣀⣀⣀⣀⣀⣀⣀⣀⣀⣀⣀⣀⣀⣀⣀⣀⣀⣀⣀⣀⣀⣀⣀⣀⣀⣀⣀⣀⣀⣀⣀⣀⣀⣀⣀⣀⣀⣀⣀⣀⣀⣀⣀⣀⣀│
└────────────────────────────────────────────────────────────────────────┘└────────────────────────────────────────────────────────────────────────┘└────────────────────────────────────────────────────────────────────────┘
┌ THROUGHPUT ────────────────────────────────────────────────────────────┐┌ WI-FI SIGNAL ──────────────────────────────────────────────────────────┐┌ ROUTING & PATH ────────────────────────────────────────────────────────┐
│▼ rx 2.0 MB/s                                                           ││rssi -62 dBm   snr 30 dB   noise -92 dBm   tx 866 Mbps                  ││hops: 4  24ms                                                           │
│▲ tx 200.0 KB/s                                                         ││-51 dBm│⠒⠒⠢⠤⠤⠤⢄⣀⣀⣀⡀                                                     ││path: stable                                                            │
│capacity: 380 Mbps   load +68ms (p95 +68ms)                             ││       │          ⠈⠉⠉⠉⠉⠒⠒⠒⠒⠢⠤⠤⠤⢄⣀⣀⣀⣀⣀                                   ││ 1 192.168.1.1       ██▏                              2ms               │
│2.0 MB/s│                                            ⣀⣀⣀⣀⠤⠤⠤⠤⠤⠔⠒⠒⠒⠒⠒⠊⠉⠉⠉││       │                             ⠉⠉⠉⠉⠉⠉⠒⠒⠒⠒⠒⠢⠤⠤⠤⠤⣀⣀⣀⣀               ││ 2 10.0.0.1          ███████████                      9ms               │
│        │                      ⣀⣀⣀⣀⣀⣀⡠⠤⠤⠤⠤⠤⠔⠒⠒⠒⠒⠒⠉⠉⠉⠉                   ││       │                                                 ⠉⠉⠉⠉⠉⠑⠒⠒⠒⠒⠒⠢⠤⠤⠤││ 3 *                 ·· no reply                                        │
│        │  ⢀⣀⣀⣀⡠⠤⠤⠤⠔⠒⠒⠒⠒⠒⠉⠉⠉⠉⠉⠉                                         ││       │                                                                ││ 4 1.1.1.1           ████████████████████████████    24ms               │
│        │⠉⠉⠁                                                            ││       │                                                                ││                                                                        │
│        │                                                               ││       │⠒⠒⠒⠒⠒⠒⠒⠒⠒⠒⠒⠒⠒⠒⠒⠒⠒⠒⠒⠒⠒⠒⠒⠒⠒⠒⠒⠒⠒⠒⠒⠒⠒⠒⠒⠒⠒⠒⠒⠒⠒⠒⠒⠒⠒⠒⠒⠒⠒⠒⠒⠒⠒⠒⠒⠒⠒⠒⠒⠒⠒⠒⠒⠒││                                                                        │
│0       │⠒⠒⠒⠒⠒⠒⠒⠒⠒⠒⠒⠒⠒⠒⠒⠒⠒⠒⠒⠒⠒⠒⠒⠒⠒⠒⠒⠒⠒⠒⠒⠒⠒⠒⠒⠒⠒⠒⠒⠒⠒⠒⠒⠒⠒⠒⠒⠒⠒⠒⠒⠒⠒⠒⠒⠒⠒⠒⠒⠒⠒⠒⠒││       │                                                                ││                                                                        │
│430 Mbps│⠉⠉⠉⠉⠉⠉⠉⠉⠉⠉⠉⠉⠉⠉⠉⠉⠒⠒⠒⠒⠒⠒⠒⠒⠒⠒⠒⠒⠒⠒⠒⠒⠒⠒⠒⠒⠒⠒⠒⠢⠤⠤⠤⠤⠤⠤⠤⠤⠤⠤⠤⠤⠤⠤⠤⣀⣀⣀⣀⣀⣀⣀⣀││       │                                                                ││                                                                        │
│        │                                                               ││       │⠤⠤⠤⠤⠤⠤⠤⠤⠤⠤⠤⠤⠤⠤⠤⠤⠤⠤⠤⠤⠤⠤⠤⠤⠤⠤⠤⠤⠤⠤⠤⠤⠤⠤⠤⠤⠤⠤⠤⠤⠤⠤⠤⠤⠤⠤⠤⠤⠤⠤⠤⠤⠤⠤⠤⠤⠤⠤⠤⠤⠤⠤⠤⠤││                                                                        │
│        │                                                               ││       │                                                                ││                                                                        │
│        │                                                               ││       │                                                                ││                                                                        │
│        │                                                               ││       │                                                                ││                                                                        │
│0       │                                                               ││-93    │⠤⠤⠤⠤⠤⠤⠤⠤⠤⠤⠤⠤⠤⠤⠤⠤⠤⠤⠤⠤⠤⠤⠤⠤⠤⠤⠤⠤⠤⠤⠤⠤⠤⠤⠤⠤⠤⠤⠤⠤⠤⠤⠤⠤⠤⠤⠤⠤⠤⠤⠤⠤⠤⠤⠤⠤⠤⠤⠤⠤⠤⠤⠤⠤││                                                                        │
└────────────────────────────────────────────────────────────────────────┘└────────────────────────────────────────────────────────────────────────┘└────────────────────────────────────────────────────────────────────────┘
┌ EVENTS ────────────────────────────────────────────────────────────────────────────────────────────────────────────────────────────────────────────────────────────────────────────────────────────────────────────────────┐
│14:01:20 ● latency recovered (192.168.1.1)                                                                                                                                                                                  │
│14:01:00 ✖ loss 25% (192.168.1.1)  · thr 5%                                                                                                                                                                                 │
│14:01:00 ✖ latency probe timed out (192.168.1.1)                                                                                                                                                                            │
│                                                                                                                                                                                                                            │
└────────────────────────────────────────────────────────────────────────────────────────────────────────────────────────────────────────────────────────────────────────────────────────────────────────────────────────────┘
 q quit · r refresh · p pause · c clear events · t theme · ? help
